🏢 104027544 BITMARCK SERVICE GMBH ESSEN [BITMARCK Service GmbH Essen]
    📍 Kruppstr 64 45145 Essen
    📍 100453 45004 Essen
    🧑 servicedesk@bitmarck.de 0800-24862725 080024862725329
    📨 smtp_e_mail le@bitmarck-daten.de
    📨 ftam_internet dav-ftam.bitmarck-daten.de:9000
    💾 dfue alle_zeichensaetze
