🏢 101575519 TECHNIKER KRANKENKASSE [Techniker Krankenkasse]
    📍 Bramfelder Str 140 22305 Hamburg
    📍 Postfach 60 26 60 22236 Hamburg
    📍 22291 Hamburg
    🧑 INTER-FORUM AG 0341/25920-37 (Fachliche Betreuung)
    🧑 Abrechnungszentrum Duisburg 0203/80950 0203/8095199 Fachliche Betreuung
    🔗 101575519 TECHNIKER KRANKENKASSE [Techniker Krankenkasse]
        🧩 kostentraeger
        🧩 alle_leistungsarten
    🔗 661430035 DAVASO GmbH [DAVASO GmbH zuvor INTER-FORUM]
        🧩 datenannahmestelle_mit_entschluesselungsbefugnis
        🧩 digitalisierte_abrechnungsdaten
        🧩 alle_bundeslaender
        🧩 gruppenschluessel_hilfsmittellieferant
    🔗 661430035 DAVASO GmbH [DAVASO GmbH zuvor INTER-FORUM]
        🧩 datenannahmestelle_mit_entschluesselungsbefugnis
        🧩 digitalisierte_abrechnungsdaten
        🧩 alle_bundeslaender
        🧩 gruppenschluessel_heilmittelerbringer
    🔗 661430035 DAVASO GmbH [DAVASO GmbH zuvor INTER-FORUM]
        🧩 datenannahmestelle_mit_entschluesselungsbefugnis
        🧩 digitalisierte_abrechnungsdaten
        🧩 alle_bundeslaender
        🧩 gruppenschluessel_haeusliche_krankenpflege
    🔗 661430035 DAVASO GmbH [DAVASO GmbH zuvor INTER-FORUM]
        🧩 datenannahmestelle_mit_entschluesselungsbefugnis
        🧩 digitalisierte_abrechnungsdaten
        🧩 alle_bundeslaender
        🧩 gruppenschluessel_krankentransportleistungen
    🔗 661430035 DAVASO GmbH [DAVASO GmbH zuvor INTER-FORUM]
        🧩 datenannahmestelle_mit_entschluesselungsbefugnis
        🧩 digitalisierte_abrechnungsdaten
        🧩 alle_bundeslaender
        🧩 hebamme
    🔗 661430035 DAVASO GmbH [DAVASO GmbH zuvor INTER-FORUM]
        🧩 datenannahmestelle_mit_entschluesselungsbefugnis
        🧩 digitalisierte_abrechnungsdaten
        🧩 alle_bundeslaender
        🧩 sonstiger_leistungserbringer_nichtaerztliche_dialysesachleistungen
    🔗 661430035 DAVASO GmbH [DAVASO GmbH zuvor INTER-FORUM]
        🧩 datenannahmestelle_mit_entschluesselungsbefugnis
        🧩 digitalisierte_abrechnungsdaten
        🧩 alle_bundeslaender
        🧩 kuratorium_heimdialyse
    🔗 661430035 DAVASO GmbH [DAVASO GmbH zuvor INTER-FORUM]
        🧩 datenannahmestelle_mit_entschluesselungsbefugnis
        🧩 digitalisierte_abrechnungsdaten
        🧩 alle_bundeslaender
        🧩 patienten_heimversorgung
    🔗 661430035 DAVASO GmbH [DAVASO GmbH zuvor INTER-FORUM]
        🧩 datenannahmestelle_mit_entschluesselungsbefugnis
        🧩 digitalisierte_abrechnungsdaten
        🧩 alle_bundeslaender
        🧩 betriebshilfe
    🔗 661430035 DAVASO GmbH [DAVASO GmbH zuvor INTER-FORUM]
        🧩 datenannahmestelle_mit_entschluesselungsbefugnis
        🧩 digitalisierte_abrechnungsdaten
        🧩 alle_bundeslaender
        🧩 leistungserbringer_rehabilitationssport
    🔗 661430035 DAVASO GmbH [DAVASO GmbH zuvor INTER-FORUM]
        🧩 datenannahmestelle_mit_entschluesselungsbefugnis
        🧩 digitalisierte_abrechnungsdaten
        🧩 alle_bundeslaender
        🧩 leistungserbringer_funktionstraining
    🔗 661430035 DAVASO GmbH [DAVASO GmbH zuvor INTER-FORUM]
        🧩 datenannahmestelle_mit_entschluesselungsbefugnis
        🧩 digitalisierte_abrechnungsdaten
        🧩 alle_bundeslaender
        🧩 leistungserbringer_ergaenzende_rehabilitationsmassnahmen
    🔗 661430035 DAVASO GmbH [DAVASO GmbH zuvor INTER-FORUM]
        🧩 datenannahmestelle_mit_entschluesselungsbefugnis
        🧩 digitalisierte_abrechnungsdaten
        🧩 alle_bundeslaender
        🧩 sonstige_leistungserbringer
    🔗 661430035 DAVASO GmbH [DAVASO GmbH zuvor INTER-FORUM]
        🧩 datenannahmestelle_mit_entschluesselungsbefugnis
        🧩 digitalisierte_abrechnungsdaten
        🧩 alle_bundeslaender
        🧩 leistungserbringer_praeventions_und_gesundheitsfoerderungsmassnahmen_ambulant
    🔗 661430035 DAVASO GmbH [DAVASO GmbH zuvor INTER-FORUM]
        🧩 datenannahmestelle_mit_entschluesselungsbefugnis
        🧩 digitalisierte_abrechnungsdaten
        🧩 alle_bundeslaender
        🧩 ambulantes_rehazentrum
    🔗 661430035 DAVASO GmbH [DAVASO GmbH zuvor INTER-FORUM]
        🧩 datenannahmestelle_mit_entschluesselungsbefugnis
        🧩 digitalisierte_abrechnungsdaten
        🧩 alle_bundeslaender
        🧩 sozialpaediatrische_zentren
    🔗 661430035 DAVASO GmbH [DAVASO GmbH zuvor INTER-FORUM]
        🧩 datenannahmestelle_mit_entschluesselungsbefugnis
        🧩 digitalisierte_abrechnungsdaten
        🧩 alle_bundeslaender
        🧩 soziotherapeutische_leistungserbringer
    🔗 661430035 DAVASO GmbH [DAVASO GmbH zuvor INTER-FORUM]
        🧩 datenannahmestelle_mit_entschluesselungsbefugnis
        🧩 digitalisierte_abrechnungsdaten
        🧩 alle_bundeslaender
        🧩 podologen
    🔗 661430035 DAVASO GmbH [DAVASO GmbH zuvor INTER-FORUM]
        🧩 datenannahmestelle_mit_entschluesselungsbefugnis
        🧩 digitalisierte_abrechnungsdaten
        🧩 alle_bundeslaender
        🧩 med_fusspfleger
    🔗 661430035 DAVASO GmbH [DAVASO GmbH zuvor INTER-FORUM]
        🧩 datenannahmestelle_mit_entschluesselungsbefugnis
        🧩 digitalisierte_abrechnungsdaten
        🧩 alle_bundeslaender
        🧩 leistungserbringer_ernaehrungstherapie_seltene_angeborene_stoffwechselerkrankungen
    🔗 661430035 DAVASO GmbH [DAVASO GmbH zuvor INTER-FORUM]
        🧩 datenannahmestelle_mit_entschluesselungsbefugnis
        🧩 digitalisierte_abrechnungsdaten
        🧩 alle_bundeslaender
        🧩 leistungserbringer_ernaehrungstherapie_mukoviszidose
    🔗 661430035 DAVASO GmbH [DAVASO GmbH zuvor INTER-FORUM]
        🧩 datenannahmestelle_mit_entschluesselungsbefugnis
        🧩 digitalisierte_abrechnungsdaten
        🧩 alle_bundeslaender
        🧩 spezialisierte_ambulante_palliativversorgung
    🔗 661430035 DAVASO GmbH [DAVASO GmbH zuvor INTER-FORUM]
        🧩 datenannahmestelle_mit_entschluesselungsbefugnis
        🧩 digitalisierte_abrechnungsdaten
        🧩 alle_bundeslaender
        🧩 leistungserbringer_nach_par_132g_sgb_v
    🔗 661430035 DAVASO GmbH [DAVASO GmbH zuvor INTER-FORUM]
        🧩 datenannahmestelle_mit_entschluesselungsbefugnis
        🧩 digitalisierte_abrechnungsdaten
        🧩 alle_bundeslaender
        🧩 leistungserbringer_modellvorhaben_nach_par_64d_sgb_v
    🔗 661430035 DAVASO GmbH [DAVASO GmbH zuvor INTER-FORUM]
        🧩 datenannahmestelle_mit_entschluesselungsbefugnis
        🧩 digitalisierte_abrechnungsdaten
        🧩 alle_bundeslaender
        🧩 gruppenschluessel_kurzzeitpflege
    🔗 661430035 DAVASO GmbH [DAVASO GmbH zuvor INTER-FORUM]
        🧩 papierannahmestelle
        🧩 papiergebundene_unterlagen_digitale_abrechnung
        🧩 alle_bundeslaender
        🧩 alle_leistungsarten
    🔗 661430035 DAVASO GmbH [DAVASO GmbH zuvor INTER-FORUM]
        🧩 papierannahmestelle
        🧩 maschinenlesbare_belege_und_urbelege
        🧩 alle_bundeslaender
        🧩 gruppenschluessel_hilfsmittellieferant
    🔗 661430035 DAVASO GmbH [DAVASO GmbH zuvor INTER-FORUM]
        🧩 papierannahmestelle
        🧩 maschinenlesbare_belege_und_urbelege
        🧩 alle_bundeslaender
        🧩 gruppenschluessel_heilmittelerbringer
    🔗 661430035 DAVASO GmbH [DAVASO GmbH zuvor INTER-FORUM]
        🧩 papierannahmestelle
        🧩 maschinenlesbare_belege_und_urbelege
        🧩 alle_bundeslaender
        🧩 gruppenschluessel_haeusliche_krankenpflege
    🔗 661430035 DAVASO GmbH [DAVASO GmbH zuvor INTER-FORUM]
        🧩 papierannahmestelle
        🧩 maschinenlesbare_belege_und_urbelege
        🧩 alle_bundeslaender
        🧩 gruppenschluessel_krankentransportleistungen
    🔗 661430035 DAVASO GmbH [DAVASO GmbH zuvor INTER-FORUM]
        🧩 papierannahmestelle
        🧩 maschinenlesbare_belege_und_urbelege
        🧩 alle_bundeslaender
        🧩 hebamme
    🔗 101576623 TECHNIKER KRANKENKASSE [Techniker Krankenkasse]
        🧩 papierannahmestelle
        🧩 maschinenlesbare_belege_und_urbelege
        🧩 alle_bundeslaender
        🧩 sonstiger_leistungserbringer_nichtaerztliche_dialysesachleistungen
    🔗 101576623 TECHNIKER KRANKENKASSE [Techniker Krankenkasse]
        🧩 papierannahmestelle
        🧩 maschinenlesbare_belege_und_urbelege
        🧩 alle_bundeslaender
        🧩 kuratorium_heimdialyse
    🔗 101576623 TECHNIKER KRANKENKASSE [Techniker Krankenkasse]
        🧩 papierannahmestelle
        🧩 maschinenlesbare_belege_und_urbelege
        🧩 alle_bundeslaender
        🧩 patienten_heimversorgung
    🔗 101576623 TECHNIKER KRANKENKASSE [Techniker Krankenkasse]
        🧩 papierannahmestelle
        🧩 maschinenlesbare_belege_und_urbelege
        🧩 alle_bundeslaender
        🧩 betriebshilfe
    🔗 661430035 DAVASO GmbH [DAVASO GmbH zuvor INTER-FORUM]
        🧩 papierannahmestelle
        🧩 maschinenlesbare_belege_und_urbelege
        🧩 alle_bundeslaender
        🧩 leistungserbringer_rehabilitationssport
    🔗 661430035 DAVASO GmbH [DAVASO GmbH zuvor INTER-FORUM]
        🧩 papierannahmestelle
        🧩 maschinenlesbare_belege_und_urbelege
        🧩 alle_bundeslaender
        🧩 leistungserbringer_funktionstraining
    🔗 101576623 TECHNIKER KRANKENKASSE [Techniker Krankenkasse]
        🧩 papierannahmestelle
        🧩 maschinenlesbare_belege_und_urbelege
        🧩 alle_bundeslaender
        🧩 sonstige_leistungserbringer
    🔗 101576623 TECHNIKER KRANKENKASSE [Techniker Krankenkasse]
        🧩 papierannahmestelle
        🧩 maschinenlesbare_belege_und_urbelege
        🧩 alle_bundeslaender
        🧩 leistungserbringer_praeventions_und_gesundheitsfoerderungsmassnahmen_ambulant
    🔗 661430035 DAVASO GmbH [DAVASO GmbH zuvor INTER-FORUM]
        🧩 papierannahmestelle
        🧩 maschinenlesbare_belege_und_urbelege
        🧩 alle_bundeslaender
        🧩 ambulantes_rehazentrum
    🔗 661430035 DAVASO GmbH [DAVASO GmbH zuvor INTER-FORUM]
        🧩 papierannahmestelle
        🧩 maschinenlesbare_belege_und_urbelege
        🧩 alle_bundeslaender
        🧩 sozialpaediatrische_zentren
    🔗 661430035 DAVASO GmbH [DAVASO GmbH zuvor INTER-FORUM]
        🧩 papierannahmestelle
        🧩 maschinenlesbare_belege_und_urbelege
        🧩 alle_bundeslaender
        🧩 podologen
    🔗 661430035 DAVASO GmbH [DAVASO GmbH zuvor INTER-FORUM]
        🧩 papierannahmestelle
        🧩 maschinenlesbare_belege_und_urbelege
        🧩 alle_bundeslaender
        🧩 med_fusspfleger
    🔗 101576623 TECHNIKER KRANKENKASSE [Techniker Krankenkasse]
        🧩 papierannahmestelle
        🧩 maschinenlesbare_belege_und_urbelege
        🧩 alle_bundeslaender
        🧩 spezialisierte_ambulante_palliativversorgung
    🔗 661430035 DAVASO GmbH [DAVASO GmbH zuvor INTER-FORUM]
        🧩 papierannahmestelle
        🧩 maschinenlesbare_belege_und_urbelege
        🧩 alle_bundeslaender
        🧩 leistungserbringer_modellvorhaben_nach_par_64d_sgb_v
